// Jest Snapshot v1, https://goo.gl/fbAQLP

exports[`Registration renders 1`] = `
<DocumentFragment>
  <div
    class="sc-AxjAm sc-AxirZ cjPigA"
  >
    <h1
      class="sc-AxhUy dgXBZV"
    >
      Create an Account
    </h1>
    <div
      class="sc-AxjAm sc-AxiKw cZcByZ"
    >
      <form
        class="sc-AxhCb buIdnp"
        method="POST"
      >
        <div
          class="sc-Axmtr iILwIF"
        >
          <i
            class="sc-fzozJi iIEHUz"
          >
            <svg>
              user.svg
            </svg>
          </i>
          <label
            class="sc-AxheI hpCUon"
            for="name"
            label="name"
          >
            Name
          </label>
          <input
            class="sc-AxgMl iEowgC"
            id="name"
            name="name"
            required=""
            type="text"
            value=""
          />
        </div>
        <div
          class="sc-Axmtr iILwIF"
        >
          <i
            class="sc-fzozJi iIEHUz"
          >
            <svg>
              email.svg
            </svg>
          </i>
          <label
            class="sc-AxheI hpCUon"
            for="email"
            label="email"
          >
            Email
          </label>
          <input
            class="sc-AxgMl iEowgC"
            id="email"
            name="Email"
            required=""
            type="email"
            value=""
          />
        </div>
        <div
          class="sc-Axmtr iILwIF"
        >
          <i
            class="sc-fzozJi iIEHUz"
          >
            <svg>
              padlock.svg
            </svg>
          </i>
          <label
            class="sc-AxheI hpCUon"
            for="password"
          >
            Password
          </label>
          <input
            class="sc-AxgMl iEowgC"
            id="password"
            name="password"
            pattern="^(?=.*?[A-Z])(?=.*?[a-z])(?=.*?[0-9])(?=.*?[#?!@$%^&*-]).{8,}$"
            required=""
            type="password"
            value=""
          />
        </div>
        <div
          class="sc-Axmtr iILwIF"
        >
          <i
            class="sc-fzozJi iIEHUz"
          >
            <svg>
              padlock.svg
            </svg>
          </i>
          <label
            class="sc-AxheI hpCUon"
            for="confirmPassword"
          >
            Confirm password
          </label>
          <input
            class="sc-AxgMl iEowgC"
            id="confirmPassword"
            name="confirmPassword"
            required=""
            type="password"
            value=""
          />
        </div>
        <button
          class="sc-AxmLO fVbkVc"
          type="submit"
        >
          Submit
        </button>
      </form>
    </div>
  </div>
</DocumentFragment>
`;
